------------------------------------------------------------
Timing Analyzer Summary
------------------------------------------------------------

Type  : Slow 1100mV 85C Model Setup 'KEY[0]'
Slack : -1.192
TNS   : -16.406

Type  : Slow 1100mV 85C Model Hold 'KEY[0]'
Slack : 0.216
TNS   : 0.000

Type  : Slow 1100mV 85C Model Minimum Pulse Width 'KEY[0]'
Slack : -0.394
TNS   : -15.401

Type  : Slow 1100mV 0C Model Setup 'KEY[0]'
Slack : -1.126
TNS   : -15.013

Type  : Slow 1100mV 0C Model Hold 'KEY[0]'
Slack : 0.283
TNS   : 0.000

Type  : Slow 1100mV 0C Model Minimum Pulse Width 'KEY[0]'
Slack : -0.394
TNS   : -12.269

Type  : Fast 1100mV 85C Model Setup 'KEY[0]'
Slack : -0.193
TNS   : -1.313

Type  : Fast 1100mV 85C Model Hold 'KEY[0]'
Slack : 0.138
TNS   : 0.000

Type  : Fast 1100mV 85C Model Minimum Pulse Width 'KEY[0]'
Slack : -0.320
TNS   : -7.150

Type  : Fast 1100mV 0C Model Setup 'KEY[0]'
Slack : -0.098
TNS   : -0.449

Type  : Fast 1100mV 0C Model Hold 'KEY[0]'
Slack : 0.149
TNS   : 0.000

Type  : Fast 1100mV 0C Model Minimum Pulse Width 'KEY[0]'
Slack : -0.316
TNS   : -7.093

------------------------------------------------------------
