------------------------------------------------------------
Timing Analyzer Summary
------------------------------------------------------------

Type  : Slow 1100mV 85C Model Setup 'KEY[0]'
Slack : -0.204
TNS   : -1.121

Type  : Slow 1100mV 85C Model Hold 'KEY[0]'
Slack : 0.305
TNS   : 0.000

Type  : Slow 1100mV 85C Model Minimum Pulse Width 'KEY[0]'
Slack : -0.394
TNS   : -4.886

Type  : Slow 1100mV 0C Model Setup 'KEY[0]'
Slack : -0.243
TNS   : -1.387

Type  : Slow 1100mV 0C Model Hold 'KEY[0]'
Slack : 0.289
TNS   : 0.000

Type  : Slow 1100mV 0C Model Minimum Pulse Width 'KEY[0]'
Slack : -0.394
TNS   : -4.520

Type  : Fast 1100mV 85C Model Setup 'KEY[0]'
Slack : 0.302
TNS   : 0.000

Type  : Fast 1100mV 85C Model Hold 'KEY[0]'
Slack : 0.171
TNS   : 0.000

Type  : Fast 1100mV 85C Model Minimum Pulse Width 'KEY[0]'
Slack : -0.341
TNS   : -2.575

Type  : Fast 1100mV 0C Model Setup 'KEY[0]'
Slack : 0.328
TNS   : 0.000

Type  : Fast 1100mV 0C Model Hold 'KEY[0]'
Slack : 0.154
TNS   : 0.000

Type  : Fast 1100mV 0C Model Minimum Pulse Width 'KEY[0]'
Slack : -0.320
TNS   : -2.409

------------------------------------------------------------
