------------------------------------------------------------
Timing Analyzer Summary
------------------------------------------------------------

Type  : Slow 1100mV 85C Model Setup 'KEY[0]'
Slack : -0.242
TNS   : -2.913

Type  : Slow 1100mV 85C Model Hold 'KEY[0]'
Slack : 0.315
TNS   : 0.000

Type  : Slow 1100mV 85C Model Minimum Pulse Width 'KEY[0]'
Slack : -0.394
TNS   : -10.445

Type  : Slow 1100mV 0C Model Setup 'KEY[0]'
Slack : -0.288
TNS   : -3.484

Type  : Slow 1100mV 0C Model Hold 'KEY[0]'
Slack : 0.297
TNS   : 0.000

Type  : Slow 1100mV 0C Model Minimum Pulse Width 'KEY[0]'
Slack : -0.394
TNS   : -9.656

Type  : Fast 1100mV 85C Model Setup 'KEY[0]'
Slack : 0.270
TNS   : 0.000

Type  : Fast 1100mV 85C Model Hold 'KEY[0]'
Slack : 0.177
TNS   : 0.000

Type  : Fast 1100mV 85C Model Minimum Pulse Width 'KEY[0]'
Slack : -0.341
TNS   : -5.288

Type  : Fast 1100mV 0C Model Setup 'KEY[0]'
Slack : 0.300
TNS   : 0.000

Type  : Fast 1100mV 0C Model Hold 'KEY[0]'
Slack : 0.162
TNS   : 0.000

Type  : Fast 1100mV 0C Model Minimum Pulse Width 'KEY[0]'
Slack : -0.320
TNS   : -4.948

------------------------------------------------------------
